
◆  Rendering aedrova-motion-film → /Users/ayanshvarma/Documents/Aedrova_site/design/motion/aedrova-motion-film/Aedrova-animated-storyboard.mp4
   30fps · high · 2 workers
   GPU: browser GPU (auto-detect)

[?25l│
◇  Browser: cache
[?25h[INFO] [Render] Pipeline started {"renderJobId":"341cf4b6-e340-4c0c-81ab-49fb1e6f6eb9","platform":"darwin","arch":"arm64","nodeVersion":"v24.19.0","fps":{"num":30,"den":1},"format":"mp4","quality":"high","browserGpuMode":"auto","forceScreenshot":false,"protocolTimeout":300000,"browserTimeout":120000,"pageNavigationTimeout":60000,"playerReadyTimeout":45000}
[INFO] [Render:trace] {"renderJobId":"341cf4b6-e340-4c0c-81ab-49fb1e6f6eb9","phase":"pipeline","status":"checkpoint","elapsedMs":1,"message":"started","format":"mp4","quality":"high","browserGpuMode":"auto","forceScreenshot":false,"protocolTimeoutMs":300000,"pageNavigationTimeoutMs":60000,"playerReadyTimeoutMs":45000,"requestedWorkers":2}
[INFO] [Render:trace] {"renderJobId":"341cf4b6-e340-4c0c-81ab-49fb1e6f6eb9","phase":"compile","status":"start","elapsedMs":2,"needsAlpha":false}
  █░░░░░░░░░░░░░░░░░░░░░░░░  5%  Compiling composition
[INFO] [Compiler] Fetched 11 font face(s) for "Inter" from Google Fonts (cached to /Users/ayanshvarma/.cache/hyperframes/fonts/inter)
[INFO] [Compiler] Fetched 11 font face(s) for "Inter" from Google Fonts (cached to /Users/ayanshvarma/.cache/hyperframes/fonts/inter)
[INFO] [Compiler] Fetched 11 font face(s) for "Inter" from Google Fonts (cached to /Users/ayanshvarma/.cache/hyperframes/fonts/inter)
[INFO] [Compiler] Fetched 10 font face(s) for "JetBrains Mono" from Google Fonts (cached to /Users/ayanshvarma/.cache/hyperframes/fonts/jetbrains-mono)
[INFO] [Compiler] Fetched 10 font face(s) for "JetBrains Mono" from Google Fonts (cached to /Users/ayanshvarma/.cache/hyperframes/fonts/jetbrains-mono)
[INFO] [Compiler] Injected deterministic @font-face rules for 5 requested font families
[INFO] [Render] Fast capture: composition uses a CSS 3D rendering context (perspective / preserve-3d / backface-visibility) — disabling drawElementImage for this render. Capture uses the platform's baseline route. {"renderJobId":"341cf4b6-e340-4c0c-81ab-49fb1e6f6eb9"}
[INFO] Compiled composition metadata {"renderJobId":"341cf4b6-e340-4c0c-81ab-49fb1e6f6eb9","entryFile":"index.html","staticDuration":28.333333,"width":1920,"height":1080,"videoCount":2,"audioCount":1,"renderModeHints":{"recommendScreenshot":false,"reasons":[]}}
[INFO] [Render:trace] {"renderJobId":"341cf4b6-e340-4c0c-81ab-49fb1e6f6eb9","phase":"compile","status":"end","elapsedMs":378,"durationMs":376,"needsAlpha":false}
[INFO] [Render:trace] {"renderJobId":"341cf4b6-e340-4c0c-81ab-49fb1e6f6eb9","phase":"compile","status":"checkpoint","elapsedMs":379,"message":"composition metadata resolved","width":1920,"height":1080,"videoCount":2,"audioCount":1,"imageCount":10,"deviceScaleFactor":1,"forceScreenshot":false,"compositionHash":"327b781c3ce016c6"}
[INFO] [Render:trace] {"renderJobId":"341cf4b6-e340-4c0c-81ab-49fb1e6f6eb9","phase":"browser_probe","status":"start","elapsedMs":379,"forceScreenshot":false,"stagePhase":"calibrating"}
[INFO] [Render:trace] {"renderJobId":"341cf4b6-e340-4c0c-81ab-49fb1e6f6eb9","phase":"browser_probe","status":"end","elapsedMs":438,"durationMs":59,"forceScreenshot":false,"stagePhase":"calibrating"}
[INFO] [Render:trace] {"renderJobId":"341cf4b6-e340-4c0c-81ab-49fb1e6f6eb9","phase":"browser_probe","status":"checkpoint","elapsedMs":440,"message":"duration resolved","durationSeconds":28.333333,"totalFrames":850,"compositionHash":"327b781c3ce016c6","beginFrameStalled":false}
[INFO] [Render:trace] {"renderJobId":"341cf4b6-e340-4c0c-81ab-49fb1e6f6eb9","phase":"video_extract","status":"start","elapsedMs":440,"videoCount":2}
[INFO] Probing video color spaces... {"renderJobId":"341cf4b6-e340-4c0c-81ab-49fb1e6f6eb9","videoCount":2}
  ██░░░░░░░░░░░░░░░░░░░░░░░  10%  Extracting video frames
[INFO] Extracting frames from video 1/2 {"renderJobId":"341cf4b6-e340-4c0c-81ab-49fb1e6f6eb9","sourceType":"local"}
[INFO] Extracting frames from video 2/2 {"renderJobId":"341cf4b6-e340-4c0c-81ab-49fb1e6f6eb9","sourceType":"local"}
[INFO] [Render:trace] {"renderJobId":"341cf4b6-e340-4c0c-81ab-49fb1e6f6eb9","phase":"video_extract","status":"end","elapsedMs":667,"durationMs":227,"videoCount":2}
[INFO] [Render:trace] {"renderJobId":"341cf4b6-e340-4c0c-81ab-49fb1e6f6eb9","phase":"video_extract","status":"checkpoint","elapsedMs":668,"message":"frames resolved","videoCount":2,"extractedVideoCount":2,"totalFramesExtracted":123,"maxFramesPerVideo":78,"avgFramesPerExtractedVideo":62,"vfrPreflightCount":0,"vfrPreflightMs":0,"cacheHits":1,"cacheMisses":1,"transientRetries":0,"minVideoFrameCoverageRatio":1,"authoredTimedClipCount":4}
[INFO] [Render] No HDR sources detected — rendering SDR {"renderJobId":"341cf4b6-e340-4c0c-81ab-49fb1e6f6eb9"}
[INFO] [Render:trace] {"renderJobId":"341cf4b6-e340-4c0c-81ab-49fb1e6f6eb9","phase":"hdr_detection","status":"checkpoint","elapsedMs":669,"message":"resolved","requestedHdrMode":"auto","effectiveHdr":"sdr","nativeHdrVideoCount":0,"nativeHdrImageCount":0}
[INFO] [Render:trace] {"renderJobId":"341cf4b6-e340-4c0c-81ab-49fb1e6f6eb9","phase":"audio_process","status":"start","elapsedMs":669,"audioCount":1}
  █████░░░░░░░░░░░░░░░░░░░░  20%  Processing audio tracks
[INFO] [Render:trace] {"renderJobId":"341cf4b6-e340-4c0c-81ab-49fb1e6f6eb9","phase":"audio_process","status":"end","elapsedMs":999,"durationMs":330,"audioCount":1}
[INFO] [Render:trace] {"renderJobId":"341cf4b6-e340-4c0c-81ab-49fb1e6f6eb9","phase":"file_server","status":"start","elapsedMs":999,"reused":false}
  ██████░░░░░░░░░░░░░░░░░░░  25%  Starting frame capture
[INFO] [Render:trace] {"renderJobId":"341cf4b6-e340-4c0c-81ab-49fb1e6f6eb9","phase":"file_server","status":"end","elapsedMs":1002,"durationMs":3}
  ██████░░░░░░░░░░░░░░░░░░░  25%  Checking browser GPU
[hyperframes] browserGpuMode probe → hardware (WebGL renderer vendor="Google Inc. (Apple)" renderer="ANGLE (Apple, ANGLE Metal Renderer: Apple M5, Unspecified Version)")
[INFO] [Render:trace] {"renderJobId":"341cf4b6-e340-4c0c-81ab-49fb1e6f6eb9","phase":"capture_calibration","status":"checkpoint","elapsedMs":1220,"message":"skipped","requestedWorkers":2,"totalFrames":850,"htmlInCanvasDetected":false,"lowMemoryMode":false,"deInversionEligible":false,"deParallelRouterEligible":false}
[INFO] [Render:trace] {"renderJobId":"341cf4b6-e340-4c0c-81ab-49fb1e6f6eb9","phase":"worker_resolution","status":"checkpoint","elapsedMs":1221,"message":"resolved","workerCount":2}
[INFO] streaming-encode gate {"renderJobId":"341cf4b6-e340-4c0c-81ab-49fb1e6f6eb9","enabled":false,"reason":"multi_worker","configFlag":true,"durationCapEnabled":false,"outputFormat":"mp4","workerCount":2,"durationSeconds":28.333333,"maxDurationSeconds":240}
[INFO] [Render:trace] {"renderJobId":"341cf4b6-e340-4c0c-81ab-49fb1e6f6eb9","phase":"capture_strategy","status":"checkpoint","elapsedMs":1221,"message":"resolved","workerCount":2,"forceScreenshot":false,"captureBeyondViewport":true,"useStreamingEncode":false,"useLayeredComposite":false,"usePageSideCompositing":false,"hasHdrContent":false,"hasShaderTransitions":false,"isPngSequence":false}
[INFO] [Render:trace] {"renderJobId":"341cf4b6-e340-4c0c-81ab-49fb1e6f6eb9","phase":"capture_disk","status":"start","elapsedMs":1221,"stagePhase":"capturing","needsAlpha":false,"workerCount":2,"forceScreenshot":false,"totalFrames":850,"framesCompleted":0,"captureMode":"screenshot","captureOperation":"captureScreenshot"}
  ██████░░░░░░░░░░░░░░░░░░░  25%  Starting browsers (0/2 ready)
[BrowserManager] Browser launched (HeadlessChrome/152.0.7977.30, screenshot, gl=--use-gl=angle --use-angle=metal, headlessShell=true, platform=darwin)
[initSession:screenshot] page.goto start (1ms)
[initSession:screenshot] page.goto start (0ms)
[initSession:screenshot] page.goto complete (186ms)
[initSession:screenshot] page.goto complete (181ms)
[HyperFrames] render runtime fps {"canonicalFps":30,"source":"render-options","rawFpsSource":"render-options","rawFps":30}
[HyperFrames] render runtime fps {"canonicalFps":30,"source":"render-options","rawFpsSource":"render-options","rawFps":30}
[initSession:screenshot] GSAP proxy flush complete (356ms)
[initSession:screenshot] GSAP proxy flush complete (353ms)
[initSession:screenshot] pollHfReady complete (367ms)
[initSession:screenshot] pollHfReady complete (360ms)
[initSession:screenshot] pollSubCompositionTimelines complete (ready) (373ms)
[initSession:screenshot] pollSubCompositionTimelines complete (ready) (365ms)
[initSession:screenshot] applyVideoMetadataHints complete (374ms)
[initSession:screenshot] applyVideoMetadataHints complete (366ms)
[initSession:screenshot] media + fonts + tailwind ready (406ms)
[initSession:screenshot] captureBeyondViewport downgraded: page content fits the capture viewport (408ms)
[initSession:screenshot] static-frame dedup: disabled (before-capture hook / video injection active) (408ms)
  ██████░░░░░░░░░░░░░░░░░░░  25%  Starting browsers (1/2 ready)
[initSession:screenshot] media + fonts + tailwind ready (417ms)
[initSession:screenshot] captureBeyondViewport downgraded: page content fits the capture viewport (419ms)
[initSession:screenshot] static-frame dedup: disabled (before-capture hook / video injection active) (419ms)
  ██████░░░░░░░░░░░░░░░░░░░  25%  Capturing frame 1/850 (2 workers)
  ██████░░░░░░░░░░░░░░░░░░░  26%  Capturing frame 12/850 (2 workers)
  ██████░░░░░░░░░░░░░░░░░░░  26%  Capturing frame 17/850 (2 workers)
  ██████░░░░░░░░░░░░░░░░░░░  26%  Capturing frame 25/850 (2 workers)
  ██████░░░░░░░░░░░░░░░░░░░  27%  Capturing frame 36/850 (2 workers)
  ██████░░░░░░░░░░░░░░░░░░░  27%  Capturing frame 46/850 (2 workers)
  ███████░░░░░░░░░░░░░░░░░░  28%  Capturing frame 57/850 (2 workers)
  ███████░░░░░░░░░░░░░░░░░░  28%  Capturing frame 62/850 (2 workers)
  ███████░░░░░░░░░░░░░░░░░░  29%  Capturing frame 69/850 (2 workers)
  ███████░░░░░░░░░░░░░░░░░░  29%  Capturing frame 76/850 (2 workers)
  ███████░░░░░░░░░░░░░░░░░░  30%  Capturing frame 86/850 (2 workers)
  ███████░░░░░░░░░░░░░░░░░░  30%  Capturing frame 97/850 (2 workers)
  ███████░░░░░░░░░░░░░░░░░░  31%  Capturing frame 107/850 (2 workers)
  ███████░░░░░░░░░░░░░░░░░░  31%  Capturing frame 118/850 (2 workers)
  ████████░░░░░░░░░░░░░░░░░  32%  Capturing frame 129/850 (2 workers)
  ████████░░░░░░░░░░░░░░░░░  32%  Capturing frame 139/850 (2 workers)
  ████████░░░░░░░░░░░░░░░░░  33%  Capturing frame 149/850 (2 workers)
  ████████░░░░░░░░░░░░░░░░░  33%  Capturing frame 160/850 (2 workers)
  ████████░░░░░░░░░░░░░░░░░  34%  Capturing frame 171/850 (2 workers)
  ████████░░░░░░░░░░░░░░░░░  35%  Capturing frame 180/850 (2 workers)
  ████████░░░░░░░░░░░░░░░░░  35%  Capturing frame 190/850 (2 workers)
  █████████░░░░░░░░░░░░░░░░  36%  Capturing frame 200/850 (2 workers)
  █████████░░░░░░░░░░░░░░░░  36%  Capturing frame 211/850 (2 workers)
  █████████░░░░░░░░░░░░░░░░  37%  Capturing frame 223/850 (2 workers)
  █████████░░░░░░░░░░░░░░░░  37%  Capturing frame 234/850 (2 workers)
  █████████░░░░░░░░░░░░░░░░  38%  Capturing frame 245/850 (2 workers)
  █████████░░░░░░░░░░░░░░░░  39%  Capturing frame 256/850 (2 workers)
  █████████░░░░░░░░░░░░░░░░  39%  Capturing frame 268/850 (2 workers)
  ██████████░░░░░░░░░░░░░░░  40%  Capturing frame 281/850 (2 workers)
  ██████████░░░░░░░░░░░░░░░  41%  Capturing frame 293/850 (2 workers)
  ██████████░░░░░░░░░░░░░░░  41%  Capturing frame 304/850 (2 workers)
  ██████████░░░░░░░░░░░░░░░  42%  Capturing frame 316/850 (2 workers)
  ██████████░░░░░░░░░░░░░░░  42%  Capturing frame 328/850 (2 workers)
  ██████████░░░░░░░░░░░░░░░  43%  Capturing frame 339/850 (2 workers)
  ██████████░░░░░░░░░░░░░░░  43%  Capturing frame 349/850 (2 workers)
  ███████████░░░░░░░░░░░░░░  44%  Capturing frame 360/850 (2 workers)
  ███████████░░░░░░░░░░░░░░  45%  Capturing frame 371/850 (2 workers)
  ███████████░░░░░░░░░░░░░░  45%  Capturing frame 380/850 (2 workers)
  ███████████░░░░░░░░░░░░░░  46%  Capturing frame 390/850 (2 workers)
  ███████████░░░░░░░░░░░░░░  46%  Capturing frame 402/850 (2 workers)
  ███████████░░░░░░░░░░░░░░  47%  Capturing frame 412/850 (2 workers)
  ███████████░░░░░░░░░░░░░░  47%  Capturing frame 423/850 (2 workers)
  ████████████░░░░░░░░░░░░░  48%  Capturing frame 433/850 (2 workers)
  ████████████░░░░░░░░░░░░░  48%  Capturing frame 443/850 (2 workers)
  ████████████░░░░░░░░░░░░░  49%  Capturing frame 454/850 (2 workers)
  ████████████░░░░░░░░░░░░░  50%  Capturing frame 466/850 (2 workers)
  ████████████░░░░░░░░░░░░░  50%  Capturing frame 476/850 (2 workers)
  ████████████░░░░░░░░░░░░░  51%  Capturing frame 487/850 (2 workers)
  ████████████░░░░░░░░░░░░░  51%  Capturing frame 497/850 (2 workers)
  █████████████░░░░░░░░░░░░  52%  Capturing frame 507/850 (2 workers)
  █████████████░░░░░░░░░░░░  52%  Capturing frame 519/850 (2 workers)
  █████████████░░░░░░░░░░░░  53%  Capturing frame 531/850 (2 workers)
  █████████████░░░░░░░░░░░░  54%  Capturing frame 541/850 (2 workers)
  █████████████░░░░░░░░░░░░  54%  Capturing frame 552/850 (2 workers)
  █████████████░░░░░░░░░░░░  55%  Capturing frame 562/850 (2 workers)
  █████████████░░░░░░░░░░░░  55%  Capturing frame 572/850 (2 workers)
  ██████████████░░░░░░░░░░░  56%  Capturing frame 581/850 (2 workers)
  ██████████████░░░░░░░░░░░  56%  Capturing frame 591/850 (2 workers)
  ██████████████░░░░░░░░░░░  57%  Capturing frame 601/850 (2 workers)
  ██████████████░░░░░░░░░░░  57%  Capturing frame 612/850 (2 workers)
  ██████████████░░░░░░░░░░░  58%  Capturing frame 622/850 (2 workers)
  ██████████████░░░░░░░░░░░  58%  Capturing frame 629/850 (2 workers)
  ██████████████░░░░░░░░░░░  59%  Capturing frame 639/850 (2 workers)
  ██████████████░░░░░░░░░░░  59%  Capturing frame 649/850 (2 workers)
  ███████████████░░░░░░░░░░  60%  Capturing frame 659/850 (2 workers)
  ███████████████░░░░░░░░░░  60%  Capturing frame 670/850 (2 workers)
  ███████████████░░░░░░░░░░  61%  Capturing frame 680/850 (2 workers)
  ███████████████░░░░░░░░░░  62%  Capturing frame 691/850 (2 workers)
  ███████████████░░░░░░░░░░  62%  Capturing frame 702/850 (2 workers)
  ███████████████░░░░░░░░░░  63%  Capturing frame 712/850 (2 workers)
  ███████████████░░░░░░░░░░  63%  Capturing frame 722/850 (2 workers)
  ████████████████░░░░░░░░░  64%  Capturing frame 732/850 (2 workers)
  ████████████████░░░░░░░░░  64%  Capturing frame 743/850 (2 workers)
  ████████████████░░░░░░░░░  65%  Capturing frame 754/850 (2 workers)
  ████████████████░░░░░░░░░  65%  Capturing frame 764/850 (2 workers)
  ████████████████░░░░░░░░░  66%  Capturing frame 775/850 (2 workers)
  ████████████████░░░░░░░░░  67%  Capturing frame 786/850 (2 workers)
  ████████████████░░░░░░░░░  67%  Capturing frame 797/850 (2 workers)
  █████████████████░░░░░░░░  68%  Capturing frame 808/850 (2 workers)
  █████████████████░░░░░░░░  68%  Capturing frame 818/850 (2 workers)
  █████████████████░░░░░░░░  69%  Capturing frame 829/850 (2 workers)
  █████████████████░░░░░░░░  69%  Capturing frame 839/850 (2 workers)
  █████████████████░░░░░░░░  70%  Capturing frame 848/850 (2 workers)
  █████████████████░░░░░░░░  70%  Capturing frame 850/850 (2 workers)
[INFO] [Render:trace] {"renderJobId":"341cf4b6-e340-4c0c-81ab-49fb1e6f6eb9","phase":"capture_disk","status":"end","elapsedMs":23931,"durationMs":22710,"stagePhase":"capturing","needsAlpha":false,"workerCount":2,"forceScreenshot":false,"totalFrames":850,"framesCompleted":850,"captureMode":"screenshot","captureOperation":"encode"}
[INFO] [Render:trace] {"renderJobId":"341cf4b6-e340-4c0c-81ab-49fb1e6f6eb9","phase":"encode","status":"start","elapsedMs":23931,"stagePhase":"capturing","hasAudio":true,"isPngSequence":false,"isGif":false,"chunkedEncode":false,"workerCount":2,"forceScreenshot":false,"totalFrames":850,"framesCompleted":850,"captureMode":"screenshot","captureOperation":"encode"}
  ██████████████████░░░░░░░  75%  Encoding video
[INFO] [Render:trace] {"renderJobId":"341cf4b6-e340-4c0c-81ab-49fb1e6f6eb9","phase":"encode","status":"end","elapsedMs":32782,"durationMs":8851,"stagePhase":"capturing","hasAudio":true,"isPngSequence":false,"isGif":false,"chunkedEncode":false,"workerCount":2,"forceScreenshot":false,"totalFrames":850,"framesCompleted":850,"captureMode":"screenshot","captureOperation":"encode"}
[INFO] [Render:trace] {"renderJobId":"341cf4b6-e340-4c0c-81ab-49fb1e6f6eb9","phase":"assemble","status":"start","elapsedMs":32783,"stagePhase":"capturing","hasAudio":true,"workerCount":2,"forceScreenshot":false,"totalFrames":850,"framesCompleted":850,"captureMode":"screenshot","captureOperation":"encode"}
  ██████████████████████░░░  90%  Assembling final video
[INFO] Audio lowered by 1.3 dB to stay under −1 dBTP {"audioLoweredDb":1.3}
[INFO] [Render:trace] {"renderJobId":"341cf4b6-e340-4c0c-81ab-49fb1e6f6eb9","phase":"assemble","status":"end","elapsedMs":33574,"durationMs":791,"stagePhase":"capturing","hasAudio":true,"workerCount":2,"forceScreenshot":false,"totalFrames":850,"framesCompleted":850,"captureMode":"screenshot","captureOperation":"encode"}
[INFO] [Render:trace] {"renderJobId":"341cf4b6-e340-4c0c-81ab-49fb1e6f6eb9","phase":"pipeline","status":"checkpoint","elapsedMs":33589,"message":"artifact validated","totalElapsedMs":33586}
  █████████████████████████  100%  Render complete

◇  /Users/ayanshvarma/Documents/Aedrova_site/design/motion/aedrova-motion-film/Aedrova-animated-storyboard.mp4
   12.9 MB · 28.3s video · rendered in 33.6s
   screenshot capture · hardware gpu · compile 0.4s · extract 0.2s · audio 0.3s · probe 0.1s · setup 0.2s · capture 22.7s · encode 8.8s · assemble 0.8s
   Keep editing by chatting with Framey in the HyperFrames desktop app → https://hyperframes.dev/studio/download
