◆  Checking aedrova-motion-film
[INFO] [Compiler] Fetched 11 font face(s) for "Inter" from Google Fonts (cached to /Users/ayanshvarma/.cache/hyperframes/fonts/inter)
[INFO] [Compiler] Fetched 11 font face(s) for "Inter" from Google Fonts (cached to /Users/ayanshvarma/.cache/hyperframes/fonts/inter)
[INFO] [Compiler] Fetched 11 font face(s) for "Inter" from Google Fonts (cached to /Users/ayanshvarma/.cache/hyperframes/fonts/inter)
[INFO] [Compiler] Fetched 10 font face(s) for "JetBrains Mono" from Google Fonts (cached to /Users/ayanshvarma/.cache/hyperframes/fonts/jetbrains-mono)
[INFO] [Compiler] Fetched 10 font face(s) for "JetBrains Mono" from Google Fonts (cached to /Users/ayanshvarma/.cache/hyperframes/fonts/jetbrains-mono)
[INFO] [Compiler] Injected deterministic @font-face rules for 5 requested font families
[hyperframes] browserGpuMode probe → hardware (WebGL renderer vendor="Google Inc. (Apple)" renderer="ANGLE (Apple, ANGLE Metal Renderer: Apple M5, Unspecified Version)")

Lint
  ◇ 0 errors, 0 warnings

Runtime
  ◇ 0 errors, 0 warnings

Layout
  ◇ 0 issues across 9 sample(s)

Motion
  ◇ 0 errors, 0 warnings

Contrast
  ◇ 4/4 text checks pass WCAG AA

Snapshots
  ◇ disabled

◇  Check passed
