Input #0, mov,mp4,m4a,3gp,3g2,mj2, from 'Aedrova-motion-film.mp4':
  Metadata:
    minor_version   : 512
    major_brand     : isom
    compatible_brands: isomiso2avc1mp41
    hyperframes_version: 0.8.127
    hyperframes_renderer: hyperframes
    encoder         : Lavf61.7.100
  Duration: 00:00:28.80, start: 0.000000, bitrate: 6049 kb/s
  Stream #0:0[0x1](und): Video: h264 (High) (avc1 / 0x31637661), yuv420p(tv, bt709, progressive), 1920x1080 [SAR 1:1 DAR 16:9], 5841 kb/s, 60 fps, 60 tbr, 15360 tbn (default)
      Metadata:
        handler_name    : VideoHandler
        vendor_id       : [0][0][0][0]
        encoder         : Lavc61.19.100 libx264
  Stream #0:1[0x2](und): Audio: aac (LC) (mp4a / 0x6134706D), 48000 Hz, stereo, fltp, 198 kb/s (default)
      Metadata:
        handler_name    : SoundHandler
        vendor_id       : [0][0][0][0]
[Parsed_volumedetect_0 @ 0x155681bb0] n_samples: 0
Stream mapping:
  Stream #0:0 -> #0:0 (h264 (native) -> wrapped_avframe (native))
  Stream #0:1 -> #0:1 (aac (native) -> pcm_s16le (native))
Press [q] to stop, [?] for help
Output #0, null, to 'pipe:':
  Metadata:
    minor_version   : 512
    major_brand     : isom
    compatible_brands: isomiso2avc1mp41
    hyperframes_version: 0.8.127
    hyperframes_renderer: hyperframes
    encoder         : Lavf61.7.100
  Stream #0:0(und): Video: wrapped_avframe, yuv420p(tv, bt709, progressive), 1920x1080 [SAR 1:1 DAR 16:9], q=2-31, 200 kb/s, 60 fps, 60 tbn (default)
      Metadata:
        handler_name    : VideoHandler
        vendor_id       : [0][0][0][0]
        encoder         : Lavc61.19.100 wrapped_avframe
  Stream #0:1(und): Audio: pcm_s16le, 48000 Hz, stereo, s16, 1536 kb/s (default)
      Metadata:
        handler_name    : SoundHandler
        vendor_id       : [0][0][0][0]
        encoder         : Lavc61.19.100 pcm_s16le
[blackdetect @ 0x155708a50] black_start:0 black_end:0.216667 black_duration:0.216667
frame= 1401 fps=0.0 q=-0.0 size=N/A time=00:00:23.35 bitrate=N/A speed=46.2x    [Parsed_volumedetect_0 @ 0x155689650] n_samples: 2764800
[Parsed_volumedetect_0 @ 0x155689650] mean_volume: -20.4 dB
[Parsed_volumedetect_0 @ 0x155689650] max_volume: -3.1 dB
[Parsed_volumedetect_0 @ 0x155689650] histogram_3db: 240
[Parsed_volumedetect_0 @ 0x155689650] histogram_4db: 1335
[Parsed_volumedetect_0 @ 0x155689650] histogram_5db: 3381
[out#0/null @ 0x15562a820] video:742KiB audio:5400KiB subtitle:0KiB other streams:0KiB global headers:0KiB muxing overhead: unknown
frame= 1728 fps=0.0 q=-0.0 Lsize=N/A time=00:00:28.80 bitrate=N/A speed=49.4x    
