◆  Checking aedrova-motion-film
[INFO] [Compiler] Fetched 11 font face(s) for "Inter" from Google Fonts (cached to /Users/ayanshvarma/.cache/hyperframes/fonts/inter)
[INFO] [Compiler] Fetched 11 font face(s) for "Inter" from Google Fonts (cached to /Users/ayanshvarma/.cache/hyperframes/fonts/inter)
[INFO] [Compiler] Fetched 11 font face(s) for "Inter" from Google Fonts (cached to /Users/ayanshvarma/.cache/hyperframes/fonts/inter)
[INFO] [Compiler] Injected deterministic @font-face rules for 3 requested font families
[hyperframes] browserGpuMode probe → hardware (WebGL renderer vendor="Google Inc. (Apple)" renderer="ANGLE (Apple, ANGLE Metal Renderer: Apple M5, Unspecified Version)")

Lint
  ⚠ duplicate_media_discovery_risk: Detected 2 matching img entries with the same source/start/duration.
    /Users/ayanshvarma/Documents/Aedrova_site/design/motion/aedrova-motion-film/index.html [data-composition-id] t=0s
    Fix: Avoid duplicated media nodes that can be discovered twice during compilation.
  0 error(s), 1 warning(s), 0 info(s)

Runtime
  ◇ 0 errors, 0 warnings

Layout
  ◇ 0 issues across 9 sample(s)

Motion
  ◇ 0 errors, 0 warnings

Contrast
  ◇ 15/15 text checks pass WCAG AA

Snapshots
  ◇ disabled

◇  Check passed
