ffmpeg version 7.1 Copyright (c) 2000-2024 the FFmpeg developers
  built with Apple clang version 13.1.6 (clang-1316.0.21.2.5)
  configuration: --prefix=/Volumes/tempdisk/sw --extra-cflags=-fno-stack-check --arch=arm64 --cc=/usr/bin/clang --enable-gpl --enable-libvmaf --enable-libopenjpeg --enable-libopus --enable-libmp3lame --enable-libx264 --enable-libx265 --enable-libvpx --enable-libwebp --enable-libass --enable-libfreetype --enable-fontconfig --enable-libtheora --enable-libvorbis --enable-libsnappy --enable-libaom --enable-libvidstab --enable-libzimg --enable-libsvtav1 --enable-libharfbuzz --enable-libkvazaar --pkg-config-flags=--static --enable-ffplay --enable-postproc --enable-neon --enable-runtime-cpudetect --disable-indev=qtkit --disable-indev=x11grab_xcb
  libavutil      59. 39.100 / 59. 39.100
  libavcodec     61. 19.100 / 61. 19.100
  libavformat    61.  7.100 / 61.  7.100
  libavdevice    61.  3.100 / 61.  3.100
  libavfilter    10.  4.100 / 10.  4.100
  libswscale      8.  3.100 /  8.  3.100
  libswresample   5.  3.100 /  5.  3.100
  libpostproc    58.  3.100 / 58.  3.100
Input #0, png_pipe, from 'assets/code-test.png':
  Duration: N/A, bitrate: N/A
  Stream #0:0: Video: png, rgb24(pc, gbr/unknown/unknown), 1250x980, 25 fps, 25 tbr, 25 tbn
Stream mapping:
  Stream #0:0 -> #0:0 (png (native) -> h264 (libx264))
Press [q] to stop, [?] for help
[libx264 @ 0x13ce06110] using cpu capabilities: ARMv8 NEON
[libx264 @ 0x13ce06110] profile High, level 3.2, 4:2:0, 8-bit
[libx264 @ 0x13ce06110] 264 - core 164 r3190 7ed753b - H.264/MPEG-4 AVC codec - Copyleft 2003-2024 - http://www.videolan.org/x264.html - options: cabac=1 ref=3 deblock=1:0:0 analyse=0x3:0x113 me=hex subme=7 psy=1 psy_rd=1.00:0.00 mixed_ref=1 me_range=16 chroma_me=1 trellis=1 8x8dct=1 cqm=0 deadzone=21,11 fast_pskip=1 chroma_qp_offset=-2 threads=15 lookahead_threads=2 sliced_threads=0 nr=0 decimate=1 interlaced=0 bluray_compat=0 constrained_intra=0 bframes=3 b_pyramid=2 b_adapt=1 b_bias=0 direct=1 weightb=1 open_gop=0 weightp=2 keyint=250 keyint_min=25 scenecut=40 intra_refresh=0 rc_lookahead=40 rc=crf mbtree=1 crf=17.0 qcomp=0.60 qpmin=0 qpmax=69 qpstep=4 ip_ratio=1.40 aq=1:1.00
Output #0, mp4, to 'assets/code-detail.mp4':
  Metadata:
    encoder         : Lavf61.7.100
  Stream #0:0: Video: h264 (avc1 / 0x31637661), yuv420p(tv, progressive), 1250x980, q=2-31, 30 fps, 15360 tbn
      Metadata:
        encoder         : Lavc61.19.100 libx264
      Side data:
        cpb: bitrate max/min/avg: 0/0/0 buffer size: 0 vbv_delay: N/A
frame=  130 fps=0.0 q=23.0 size=       0KiB time=00:00:04.26 bitrate=   0.1kbits/s dup=29 drop=0 speed=8.46x    [out#0/mp4 @ 0x13ce04e40] video:98KiB audio:0KiB subtitle:0KiB other streams:0KiB global headers:0KiB muxing overhead: 2.937806%
frame=  174 fps=0.0 q=-1.0 Lsize=     101KiB time=00:00:05.73 bitrate= 144.1kbits/s dup=29 drop=0 speed=10.6x    
[libx264 @ 0x13ce06110] frame I:1     Avg QP:12.93  size: 88515
[libx264 @ 0x13ce06110] frame P:44    Avg QP:11.68  size:    99
[libx264 @ 0x13ce06110] frame B:129   Avg QP: 7.67  size:    53
[libx264 @ 0x13ce06110] consecutive B-frames:  1.1%  0.0%  0.0% 98.9%
[libx264 @ 0x13ce06110] mb I  I16..4: 10.5% 63.5% 26.0%
[libx264 @ 0x13ce06110] mb P  I16..4:  0.0%  0.0%  0.0%  P16..4:  0.3%  0.0%  0.0%  0.0%  0.0%    skip:99.7%
[libx264 @ 0x13ce06110] mb B  I16..4:  0.0%  0.0%  0.0%  B16..8:  0.1%  0.0%  0.0%  direct: 0.0%  skip:99.9%  L0:50.8% L1:49.2% BI: 0.0%
[libx264 @ 0x13ce06110] 8x8 transform intra:63.4% inter:36.5%
[libx264 @ 0x13ce06110] coded y,uvDC,uvAC intra: 22.0% 2.4% 0.2% inter: 0.0% 0.0% 0.0%
[libx264 @ 0x13ce06110] i16 v,h,dc,p: 70% 13% 16%  0%
[libx264 @ 0x13ce06110] i8 v,h,dc,ddl,ddr,vr,hd,vl,hu: 92%  4%  3%  0%  0%  0%  0%  0%  0%
[libx264 @ 0x13ce06110] i4 v,h,dc,ddl,ddr,vr,hd,vl,hu: 34% 27% 10%  3%  5%  6%  6%  5%  5%
[libx264 @ 0x13ce06110] i8c dc,h,v,p: 94%  4%  2%  0%
[libx264 @ 0x13ce06110] Weighted P-Frames: Y:0.0% UV:0.0%
[libx264 @ 0x13ce06110] ref P L0: 99.1%  0.2%  0.7%
[libx264 @ 0x13ce06110] ref B L0: 14.4% 85.6%
[libx264 @ 0x13ce06110] kb/s:137.46
