
◆  Rendering aedrova-motion-film → /Users/ayanshvarma/Documents/Aedrova_site/design/motion/aedrova-motion-film/Aedrova-motion-film.mp4
   60fps · high · 2 workers
   GPU: browser GPU (auto-detect)

[?25l│
◇  Browser: cache
[?25h[INFO] [Render] Pipeline started {"renderJobId":"706927e8-1b26-4981-8eb5-b2d024f2704f","platform":"darwin","arch":"arm64","nodeVersion":"v24.19.0","fps":{"num":60,"den":1},"format":"mp4","quality":"high","browserGpuMode":"auto","forceScreenshot":false,"protocolTimeout":300000,"browserTimeout":120000,"pageNavigationTimeout":60000,"playerReadyTimeout":45000}
[INFO] [Render:trace] {"renderJobId":"706927e8-1b26-4981-8eb5-b2d024f2704f","phase":"pipeline","status":"checkpoint","elapsedMs":1,"message":"started","format":"mp4","quality":"high","browserGpuMode":"auto","forceScreenshot":false,"protocolTimeoutMs":300000,"pageNavigationTimeoutMs":60000,"playerReadyTimeoutMs":45000,"requestedWorkers":2}
[INFO] [Render:trace] {"renderJobId":"706927e8-1b26-4981-8eb5-b2d024f2704f","phase":"compile","status":"start","elapsedMs":2,"needsAlpha":false}
  █░░░░░░░░░░░░░░░░░░░░░░░░  5%  Compiling composition
[INFO] [Compiler] Fetched 11 font face(s) for "Inter" from Google Fonts (cached to /Users/ayanshvarma/.cache/hyperframes/fonts/inter)
[INFO] [Compiler] Fetched 11 font face(s) for "Inter" from Google Fonts (cached to /Users/ayanshvarma/.cache/hyperframes/fonts/inter)
[INFO] [Compiler] Fetched 11 font face(s) for "Inter" from Google Fonts (cached to /Users/ayanshvarma/.cache/hyperframes/fonts/inter)
[INFO] [Compiler] Fetched 11 font face(s) for "Inter" from Google Fonts (cached to /Users/ayanshvarma/.cache/hyperframes/fonts/inter)
[INFO] [Compiler] Injected deterministic @font-face rules for 4 requested font families
[INFO] [Render] Fast capture: composition uses a CSS 3D rendering context (perspective / preserve-3d / backface-visibility) — disabling drawElementImage for this render. Capture uses the platform's baseline route. {"renderJobId":"706927e8-1b26-4981-8eb5-b2d024f2704f"}
[INFO] Compiled composition metadata {"renderJobId":"706927e8-1b26-4981-8eb5-b2d024f2704f","entryFile":"index.html","staticDuration":28.8,"width":1920,"height":1080,"videoCount":4,"audioCount":1,"renderModeHints":{"recommendScreenshot":false,"reasons":[]}}
[INFO] [Render:trace] {"renderJobId":"706927e8-1b26-4981-8eb5-b2d024f2704f","phase":"compile","status":"end","elapsedMs":1080,"durationMs":1078,"needsAlpha":false}
[INFO] [Render:trace] {"renderJobId":"706927e8-1b26-4981-8eb5-b2d024f2704f","phase":"compile","status":"checkpoint","elapsedMs":1081,"message":"composition metadata resolved","width":1920,"height":1080,"videoCount":4,"audioCount":1,"imageCount":3,"deviceScaleFactor":1,"forceScreenshot":false,"compositionHash":"ee455b0bebd5895c"}
[INFO] [Render:trace] {"renderJobId":"706927e8-1b26-4981-8eb5-b2d024f2704f","phase":"browser_probe","status":"start","elapsedMs":1081,"forceScreenshot":false,"stagePhase":"calibrating"}
[INFO] [Render:trace] {"renderJobId":"706927e8-1b26-4981-8eb5-b2d024f2704f","phase":"browser_probe","status":"end","elapsedMs":1130,"durationMs":49,"forceScreenshot":false,"stagePhase":"calibrating"}
[INFO] [Render:trace] {"renderJobId":"706927e8-1b26-4981-8eb5-b2d024f2704f","phase":"browser_probe","status":"checkpoint","elapsedMs":1131,"message":"duration resolved","durationSeconds":28.8,"totalFrames":1728,"compositionHash":"ee455b0bebd5895c","beginFrameStalled":false}
[INFO] [Render:trace] {"renderJobId":"706927e8-1b26-4981-8eb5-b2d024f2704f","phase":"video_extract","status":"start","elapsedMs":1131,"videoCount":4}
[INFO] Probing video color spaces... {"renderJobId":"706927e8-1b26-4981-8eb5-b2d024f2704f","videoCount":4}
  ██░░░░░░░░░░░░░░░░░░░░░░░  10%  Extracting video frames
[INFO] Extracting frames from video 1/4 {"renderJobId":"706927e8-1b26-4981-8eb5-b2d024f2704f","sourceType":"local"}
[INFO] Extracting frames from video 2/4 {"renderJobId":"706927e8-1b26-4981-8eb5-b2d024f2704f","sourceType":"local"}
[INFO] Extracting frames from video 3/4 {"renderJobId":"706927e8-1b26-4981-8eb5-b2d024f2704f","sourceType":"local"}
[INFO] Extracting frames from video 4/4 {"renderJobId":"706927e8-1b26-4981-8eb5-b2d024f2704f","sourceType":"local"}
[INFO] [Render:trace] {"renderJobId":"706927e8-1b26-4981-8eb5-b2d024f2704f","phase":"video_extract","status":"end","elapsedMs":2438,"durationMs":1307,"videoCount":4}
[INFO] [Render:trace] {"renderJobId":"706927e8-1b26-4981-8eb5-b2d024f2704f","phase":"video_extract","status":"checkpoint","elapsedMs":2440,"message":"frames resolved","videoCount":4,"extractedVideoCount":4,"totalFramesExtracted":918,"maxFramesPerVideo":270,"avgFramesPerExtractedVideo":230,"vfrPreflightCount":0,"vfrPreflightMs":0,"cacheHits":0,"cacheMisses":4,"transientRetries":0,"minVideoFrameCoverageRatio":1,"authoredTimedClipCount":6}
[INFO] [Render] No HDR sources detected — rendering SDR {"renderJobId":"706927e8-1b26-4981-8eb5-b2d024f2704f"}
[INFO] [Render:trace] {"renderJobId":"706927e8-1b26-4981-8eb5-b2d024f2704f","phase":"hdr_detection","status":"checkpoint","elapsedMs":2440,"message":"resolved","requestedHdrMode":"auto","effectiveHdr":"sdr","nativeHdrVideoCount":0,"nativeHdrImageCount":0}
[INFO] [Render:trace] {"renderJobId":"706927e8-1b26-4981-8eb5-b2d024f2704f","phase":"audio_process","status":"start","elapsedMs":2440,"audioCount":1}
  █████░░░░░░░░░░░░░░░░░░░░  20%  Processing audio tracks
[INFO] [Render:trace] {"renderJobId":"706927e8-1b26-4981-8eb5-b2d024f2704f","phase":"audio_process","status":"end","elapsedMs":2903,"durationMs":463,"audioCount":1}
[INFO] [Render:trace] {"renderJobId":"706927e8-1b26-4981-8eb5-b2d024f2704f","phase":"file_server","status":"start","elapsedMs":2903,"reused":false}
  ██████░░░░░░░░░░░░░░░░░░░  25%  Starting frame capture
[INFO] [Render:trace] {"renderJobId":"706927e8-1b26-4981-8eb5-b2d024f2704f","phase":"file_server","status":"end","elapsedMs":2906,"durationMs":3}
  ██████░░░░░░░░░░░░░░░░░░░  25%  Checking browser GPU
[hyperframes] browserGpuMode probe → hardware (WebGL renderer vendor="Google Inc. (Apple)" renderer="ANGLE (Apple, ANGLE Metal Renderer: Apple M5, Unspecified Version)")
[INFO] [Render:trace] {"renderJobId":"706927e8-1b26-4981-8eb5-b2d024f2704f","phase":"capture_calibration","status":"checkpoint","elapsedMs":3086,"message":"skipped","requestedWorkers":2,"totalFrames":1728,"htmlInCanvasDetected":false,"lowMemoryMode":false,"deInversionEligible":false,"deParallelRouterEligible":false}
[INFO] [Render:trace] {"renderJobId":"706927e8-1b26-4981-8eb5-b2d024f2704f","phase":"worker_resolution","status":"checkpoint","elapsedMs":3086,"message":"resolved","workerCount":2}
[INFO] streaming-encode gate {"renderJobId":"706927e8-1b26-4981-8eb5-b2d024f2704f","enabled":false,"reason":"multi_worker","configFlag":true,"durationCapEnabled":false,"outputFormat":"mp4","workerCount":2,"durationSeconds":28.8,"maxDurationSeconds":240}
[INFO] [Render:trace] {"renderJobId":"706927e8-1b26-4981-8eb5-b2d024f2704f","phase":"capture_strategy","status":"checkpoint","elapsedMs":3087,"message":"resolved","workerCount":2,"forceScreenshot":false,"captureBeyondViewport":true,"useStreamingEncode":false,"useLayeredComposite":false,"usePageSideCompositing":false,"hasHdrContent":false,"hasShaderTransitions":false,"isPngSequence":false}
[INFO] [Render:trace] {"renderJobId":"706927e8-1b26-4981-8eb5-b2d024f2704f","phase":"capture_disk","status":"start","elapsedMs":3087,"stagePhase":"capturing","needsAlpha":false,"workerCount":2,"forceScreenshot":false,"totalFrames":1728,"framesCompleted":0,"captureMode":"screenshot","captureOperation":"captureScreenshot"}
  ██████░░░░░░░░░░░░░░░░░░░  25%  Starting browsers (0/2 ready)
[BrowserManager] Browser launched (HeadlessChrome/152.0.7977.30, screenshot, gl=--use-gl=angle --use-angle=metal, headlessShell=true, platform=darwin)
[initSession:screenshot] page.goto start (0ms)
[initSession:screenshot] page.goto start (0ms)
[initSession:screenshot] page.goto complete (154ms)
[initSession:screenshot] page.goto complete (154ms)
[HyperFrames] render runtime fps {"canonicalFps":60,"source":"render-options","rawFpsSource":"render-options","rawFps":60}
[HyperFrames] render runtime fps {"canonicalFps":60,"source":"render-options","rawFpsSource":"render-options","rawFps":60}
[initSession:screenshot] GSAP proxy flush complete (226ms)
[initSession:screenshot] GSAP proxy flush complete (228ms)
[initSession:screenshot] pollHfReady complete (246ms)
[initSession:screenshot] pollHfReady complete (247ms)
[initSession:screenshot] pollSubCompositionTimelines complete (ready) (250ms)
[initSession:screenshot] pollSubCompositionTimelines complete (ready) (251ms)
[initSession:screenshot] applyVideoMetadataHints complete (251ms)
[initSession:screenshot] applyVideoMetadataHints complete (254ms)
[initSession:screenshot] media + fonts + tailwind ready (272ms)
[initSession:screenshot] media + fonts + tailwind ready (272ms)
[initSession:screenshot] captureBeyondViewport downgraded: page content fits the capture viewport (274ms)
[initSession:screenshot] static-frame dedup: disabled (before-capture hook / video injection active) (274ms)
[initSession:screenshot] captureBeyondViewport downgraded: page content fits the capture viewport (274ms)
[initSession:screenshot] static-frame dedup: disabled (before-capture hook / video injection active) (274ms)
  ██████░░░░░░░░░░░░░░░░░░░  25%  Starting browsers (1/2 ready)
  ██████░░░░░░░░░░░░░░░░░░░  25%  Capturing frame 1/1728 (2 workers)
  ██████░░░░░░░░░░░░░░░░░░░  25%  Capturing frame 4/1728 (2 workers)
  ██████░░░░░░░░░░░░░░░░░░░  25%  Capturing frame 11/1728 (2 workers)
  ██████░░░░░░░░░░░░░░░░░░░  26%  Capturing frame 22/1728 (2 workers)
  ██████░░░░░░░░░░░░░░░░░░░  26%  Capturing frame 32/1728 (2 workers)
  ██████░░░░░░░░░░░░░░░░░░░  26%  Capturing frame 39/1728 (2 workers)
  ██████░░░░░░░░░░░░░░░░░░░  26%  Capturing frame 46/1728 (2 workers)
  ██████░░░░░░░░░░░░░░░░░░░  26%  Capturing frame 55/1728 (2 workers)
  ██████░░░░░░░░░░░░░░░░░░░  27%  Capturing frame 66/1728 (2 workers)
  ██████░░░░░░░░░░░░░░░░░░░  27%  Capturing frame 77/1728 (2 workers)
  ██████░░░░░░░░░░░░░░░░░░░  27%  Capturing frame 87/1728 (2 workers)
  ███████░░░░░░░░░░░░░░░░░░  28%  Capturing frame 97/1728 (2 workers)
  ███████░░░░░░░░░░░░░░░░░░  28%  Capturing frame 108/1728 (2 workers)
  ███████░░░░░░░░░░░░░░░░░░  28%  Capturing frame 118/1728 (2 workers)
  ███████░░░░░░░░░░░░░░░░░░  28%  Capturing frame 129/1728 (2 workers)
  ███████░░░░░░░░░░░░░░░░░░  29%  Capturing frame 140/1728 (2 workers)
  ███████░░░░░░░░░░░░░░░░░░  29%  Capturing frame 150/1728 (2 workers)
  ███████░░░░░░░░░░░░░░░░░░  29%  Capturing frame 161/1728 (2 workers)
  ███████░░░░░░░░░░░░░░░░░░  29%  Capturing frame 171/1728 (2 workers)
  ███████░░░░░░░░░░░░░░░░░░  30%  Capturing frame 181/1728 (2 workers)
  ███████░░░░░░░░░░░░░░░░░░  30%  Capturing frame 191/1728 (2 workers)
  ███████░░░░░░░░░░░░░░░░░░  30%  Capturing frame 201/1728 (2 workers)
  ███████░░░░░░░░░░░░░░░░░░  30%  Capturing frame 211/1728 (2 workers)
  ███████░░░░░░░░░░░░░░░░░░  31%  Capturing frame 222/1728 (2 workers)
  ███████░░░░░░░░░░░░░░░░░░  31%  Capturing frame 232/1728 (2 workers)
  ███████░░░░░░░░░░░░░░░░░░  31%  Capturing frame 243/1728 (2 workers)
  ████████░░░░░░░░░░░░░░░░░  32%  Capturing frame 253/1728 (2 workers)
  ████████░░░░░░░░░░░░░░░░░  32%  Capturing frame 263/1728 (2 workers)
  ████████░░░░░░░░░░░░░░░░░  32%  Capturing frame 273/1728 (2 workers)
  ████████░░░░░░░░░░░░░░░░░  32%  Capturing frame 283/1728 (2 workers)
  ████████░░░░░░░░░░░░░░░░░  33%  Capturing frame 293/1728 (2 workers)
  ████████░░░░░░░░░░░░░░░░░  33%  Capturing frame 303/1728 (2 workers)
  ████████░░░░░░░░░░░░░░░░░  33%  Capturing frame 313/1728 (2 workers)
  ████████░░░░░░░░░░░░░░░░░  33%  Capturing frame 324/1728 (2 workers)
  ████████░░░░░░░░░░░░░░░░░  34%  Capturing frame 334/1728 (2 workers)
  ████████░░░░░░░░░░░░░░░░░  34%  Capturing frame 341/1728 (2 workers)
  ████████░░░░░░░░░░░░░░░░░  34%  Capturing frame 351/1728 (2 workers)
  ████████░░░░░░░░░░░░░░░░░  34%  Capturing frame 362/1728 (2 workers)
  ████████░░░░░░░░░░░░░░░░░  35%  Capturing frame 371/1728 (2 workers)
  ████████░░░░░░░░░░░░░░░░░  35%  Capturing frame 381/1728 (2 workers)
  ████████░░░░░░░░░░░░░░░░░  35%  Capturing frame 391/1728 (2 workers)
  ████████░░░░░░░░░░░░░░░░░  35%  Capturing frame 401/1728 (2 workers)
  █████████░░░░░░░░░░░░░░░░  36%  Capturing frame 411/1728 (2 workers)
  █████████░░░░░░░░░░░░░░░░  36%  Capturing frame 421/1728 (2 workers)
  █████████░░░░░░░░░░░░░░░░  36%  Capturing frame 432/1728 (2 workers)
  █████████░░░░░░░░░░░░░░░░  37%  Capturing frame 443/1728 (2 workers)
  █████████░░░░░░░░░░░░░░░░  37%  Capturing frame 454/1728 (2 workers)
  █████████░░░░░░░░░░░░░░░░  37%  Capturing frame 464/1728 (2 workers)
  █████████░░░░░░░░░░░░░░░░  37%  Capturing frame 475/1728 (2 workers)
  █████████░░░░░░░░░░░░░░░░  38%  Capturing frame 486/1728 (2 workers)
  █████████░░░░░░░░░░░░░░░░  38%  Capturing frame 497/1728 (2 workers)
  █████████░░░░░░░░░░░░░░░░  38%  Capturing frame 507/1728 (2 workers)
  █████████░░░░░░░░░░░░░░░░  38%  Capturing frame 518/1728 (2 workers)
  █████████░░░░░░░░░░░░░░░░  39%  Capturing frame 526/1728 (2 workers)
  █████████░░░░░░░░░░░░░░░░  39%  Capturing frame 536/1728 (2 workers)
  █████████░░░░░░░░░░░░░░░░  39%  Capturing frame 544/1728 (2 workers)
  █████████░░░░░░░░░░░░░░░░  39%  Capturing frame 552/1728 (2 workers)
  ██████████░░░░░░░░░░░░░░░  40%  Capturing frame 560/1728 (2 workers)
  ██████████░░░░░░░░░░░░░░░  40%  Capturing frame 568/1728 (2 workers)
  ██████████░░░░░░░░░░░░░░░  40%  Capturing frame 576/1728 (2 workers)
  ██████████░░░░░░░░░░░░░░░  40%  Capturing frame 587/1728 (2 workers)
  ██████████░░░░░░░░░░░░░░░  41%  Capturing frame 598/1728 (2 workers)
  ██████████░░░░░░░░░░░░░░░  41%  Capturing frame 609/1728 (2 workers)
  ██████████░░░░░░░░░░░░░░░  41%  Capturing frame 619/1728 (2 workers)
  ██████████░░░░░░░░░░░░░░░  41%  Capturing frame 629/1728 (2 workers)
  ██████████░░░░░░░░░░░░░░░  42%  Capturing frame 640/1728 (2 workers)
  ██████████░░░░░░░░░░░░░░░  42%  Capturing frame 651/1728 (2 workers)
  ██████████░░░░░░░░░░░░░░░  42%  Capturing frame 661/1728 (2 workers)
  ██████████░░░░░░░░░░░░░░░  42%  Capturing frame 671/1728 (2 workers)
  ██████████░░░░░░░░░░░░░░░  43%  Capturing frame 681/1728 (2 workers)
  ██████████░░░░░░░░░░░░░░░  43%  Capturing frame 691/1728 (2 workers)
  ██████████░░░░░░░░░░░░░░░  43%  Capturing frame 701/1728 (2 workers)
  ███████████░░░░░░░░░░░░░░  44%  Capturing frame 711/1728 (2 workers)
  ███████████░░░░░░░░░░░░░░  44%  Capturing frame 721/1728 (2 workers)
  ███████████░░░░░░░░░░░░░░  44%  Capturing frame 731/1728 (2 workers)
  ███████████░░░░░░░░░░░░░░  44%  Capturing frame 740/1728 (2 workers)
  ███████████░░░░░░░░░░░░░░  45%  Capturing frame 750/1728 (2 workers)
  ███████████░░░░░░░░░░░░░░  45%  Capturing frame 762/1728 (2 workers)
  ███████████░░░░░░░░░░░░░░  45%  Capturing frame 774/1728 (2 workers)
  ███████████░░░░░░░░░░░░░░  45%  Capturing frame 785/1728 (2 workers)
  ███████████░░░░░░░░░░░░░░  46%  Capturing frame 795/1728 (2 workers)
  ███████████░░░░░░░░░░░░░░  46%  Capturing frame 805/1728 (2 workers)
  ███████████░░░░░░░░░░░░░░  46%  Capturing frame 815/1728 (2 workers)
  ███████████░░░░░░░░░░░░░░  46%  Capturing frame 825/1728 (2 workers)
  ███████████░░░░░░░░░░░░░░  47%  Capturing frame 835/1728 (2 workers)
  ███████████░░░░░░░░░░░░░░  47%  Capturing frame 845/1728 (2 workers)
  ███████████░░░░░░░░░░░░░░  47%  Capturing frame 855/1728 (2 workers)
  ████████████░░░░░░░░░░░░░  48%  Capturing frame 866/1728 (2 workers)
  ████████████░░░░░░░░░░░░░  48%  Capturing frame 876/1728 (2 workers)
  ████████████░░░░░░░░░░░░░  48%  Capturing frame 886/1728 (2 workers)
  ████████████░░░░░░░░░░░░░  48%  Capturing frame 896/1728 (2 workers)
  ████████████░░░░░░░░░░░░░  49%  Capturing frame 907/1728 (2 workers)
  ████████████░░░░░░░░░░░░░  49%  Capturing frame 917/1728 (2 workers)
  ████████████░░░░░░░░░░░░░  49%  Capturing frame 927/1728 (2 workers)
  ████████████░░░░░░░░░░░░░  49%  Capturing frame 937/1728 (2 workers)
  ████████████░░░░░░░░░░░░░  50%  Capturing frame 947/1728 (2 workers)
  ████████████░░░░░░░░░░░░░  50%  Capturing frame 957/1728 (2 workers)
  ████████████░░░░░░░░░░░░░  50%  Capturing frame 967/1728 (2 workers)
  ████████████░░░░░░░░░░░░░  50%  Capturing frame 977/1728 (2 workers)
  ████████████░░░░░░░░░░░░░  51%  Capturing frame 987/1728 (2 workers)
  ████████████░░░░░░░░░░░░░  51%  Capturing frame 998/1728 (2 workers)
  ████████████░░░░░░░░░░░░░  51%  Capturing frame 1008/1728 (2 workers)
  █████████████░░░░░░░░░░░░  52%  Capturing frame 1018/1728 (2 workers)
  █████████████░░░░░░░░░░░░  52%  Capturing frame 1029/1728 (2 workers)
  █████████████░░░░░░░░░░░░  52%  Capturing frame 1039/1728 (2 workers)
  █████████████░░░░░░░░░░░░  52%  Capturing frame 1050/1728 (2 workers)
  █████████████░░░░░░░░░░░░  53%  Capturing frame 1061/1728 (2 workers)
  █████████████░░░░░░░░░░░░  53%  Capturing frame 1071/1728 (2 workers)
  █████████████░░░░░░░░░░░░  53%  Capturing frame 1081/1728 (2 workers)
  █████████████░░░░░░░░░░░░  53%  Capturing frame 1091/1728 (2 workers)
  █████████████░░░░░░░░░░░░  54%  Capturing frame 1102/1728 (2 workers)
  █████████████░░░░░░░░░░░░  54%  Capturing frame 1112/1728 (2 workers)
  █████████████░░░░░░░░░░░░  54%  Capturing frame 1122/1728 (2 workers)
  █████████████░░░░░░░░░░░░  54%  Capturing frame 1132/1728 (2 workers)
[INFO] [Render:trace] {"renderJobId":"706927e8-1b26-4981-8eb5-b2d024f2704f","phase":"capture_disk","status":"checkpoint","elapsedMs":33088,"message":"stage still running","stagePhase":"capturing","needsAlpha":false,"workerCount":2,"forceScreenshot":false,"totalFrames":1728,"framesCompleted":1135,"captureMode":"screenshot","captureOperation":"captureScreenshot","heartbeatIndex":1,"stageElapsedMs":30001}
  █████████████░░░░░░░░░░░░  55%  Capturing frame 1142/1728 (2 workers)
  █████████████░░░░░░░░░░░░  55%  Capturing frame 1152/1728 (2 workers)
  █████████████░░░░░░░░░░░░  55%  Capturing frame 1164/1728 (2 workers)
  ██████████████░░░░░░░░░░░  56%  Capturing frame 1176/1728 (2 workers)
  ██████████████░░░░░░░░░░░  56%  Capturing frame 1187/1728 (2 workers)
  ██████████████░░░░░░░░░░░  56%  Capturing frame 1198/1728 (2 workers)
  ██████████████░░░░░░░░░░░  56%  Capturing frame 1208/1728 (2 workers)
  ██████████████░░░░░░░░░░░  57%  Capturing frame 1219/1728 (2 workers)
  ██████████████░░░░░░░░░░░  57%  Capturing frame 1229/1728 (2 workers)
  ██████████████░░░░░░░░░░░  57%  Capturing frame 1240/1728 (2 workers)
  ██████████████░░░░░░░░░░░  58%  Capturing frame 1251/1728 (2 workers)
  ██████████████░░░░░░░░░░░  58%  Capturing frame 1261/1728 (2 workers)
  ██████████████░░░░░░░░░░░  58%  Capturing frame 1270/1728 (2 workers)
  ██████████████░░░░░░░░░░░  58%  Capturing frame 1280/1728 (2 workers)
  ██████████████░░░░░░░░░░░  59%  Capturing frame 1291/1728 (2 workers)
  ██████████████░░░░░░░░░░░  59%  Capturing frame 1302/1728 (2 workers)
  ██████████████░░░░░░░░░░░  59%  Capturing frame 1312/1728 (2 workers)
  ██████████████░░░░░░░░░░░  59%  Capturing frame 1322/1728 (2 workers)
  ███████████████░░░░░░░░░░  60%  Capturing frame 1333/1728 (2 workers)
  ███████████████░░░░░░░░░░  60%  Capturing frame 1343/1728 (2 workers)
  ███████████████░░░░░░░░░░  60%  Capturing frame 1354/1728 (2 workers)
  ███████████████░░░░░░░░░░  61%  Capturing frame 1364/1728 (2 workers)
  ███████████████░░░░░░░░░░  61%  Capturing frame 1374/1728 (2 workers)
  ███████████████░░░░░░░░░░  61%  Capturing frame 1384/1728 (2 workers)
  ███████████████░░░░░░░░░░  61%  Capturing frame 1394/1728 (2 workers)
  ███████████████░░░░░░░░░░  62%  Capturing frame 1404/1728 (2 workers)
  ███████████████░░░░░░░░░░  62%  Capturing frame 1414/1728 (2 workers)
  ███████████████░░░░░░░░░░  62%  Capturing frame 1424/1728 (2 workers)
  ███████████████░░░░░░░░░░  62%  Capturing frame 1434/1728 (2 workers)
  ███████████████░░░░░░░░░░  63%  Capturing frame 1444/1728 (2 workers)
  ███████████████░░░░░░░░░░  63%  Capturing frame 1454/1728 (2 workers)
  ███████████████░░░░░░░░░░  63%  Capturing frame 1464/1728 (2 workers)
  ███████████████░░░░░░░░░░  63%  Capturing frame 1474/1728 (2 workers)
  ████████████████░░░░░░░░░  64%  Capturing frame 1484/1728 (2 workers)
  ████████████████░░░░░░░░░  64%  Capturing frame 1494/1728 (2 workers)
  ████████████████░░░░░░░░░  64%  Capturing frame 1504/1728 (2 workers)
  ████████████████░░░░░░░░░  64%  Capturing frame 1514/1728 (2 workers)
  ████████████████░░░░░░░░░  65%  Capturing frame 1524/1728 (2 workers)
  ████████████████░░░░░░░░░  65%  Capturing frame 1534/1728 (2 workers)
  ████████████████░░░░░░░░░  65%  Capturing frame 1544/1728 (2 workers)
  ████████████████░░░░░░░░░  65%  Capturing frame 1554/1728 (2 workers)
  ████████████████░░░░░░░░░  66%  Capturing frame 1564/1728 (2 workers)
  ████████████████░░░░░░░░░  66%  Capturing frame 1574/1728 (2 workers)
  ████████████████░░░░░░░░░  66%  Capturing frame 1584/1728 (2 workers)
  ████████████████░░░░░░░░░  67%  Capturing frame 1594/1728 (2 workers)
  ████████████████░░░░░░░░░  67%  Capturing frame 1605/1728 (2 workers)
  ████████████████░░░░░░░░░  67%  Capturing frame 1615/1728 (2 workers)
  ████████████████░░░░░░░░░  67%  Capturing frame 1626/1728 (2 workers)
  █████████████████░░░░░░░░  68%  Capturing frame 1635/1728 (2 workers)
  █████████████████░░░░░░░░  68%  Capturing frame 1645/1728 (2 workers)
  █████████████████░░░░░░░░  68%  Capturing frame 1656/1728 (2 workers)
  █████████████████░░░░░░░░  68%  Capturing frame 1666/1728 (2 workers)
  █████████████████░░░░░░░░  69%  Capturing frame 1677/1728 (2 workers)
  █████████████████░░░░░░░░  69%  Capturing frame 1687/1728 (2 workers)
  █████████████████░░░░░░░░  69%  Capturing frame 1697/1728 (2 workers)
  █████████████████░░░░░░░░  69%  Capturing frame 1707/1728 (2 workers)
  █████████████████░░░░░░░░  70%  Capturing frame 1715/1728 (2 workers)
  █████████████████░░░░░░░░  70%  Capturing frame 1721/1728 (2 workers)
  █████████████████░░░░░░░░  70%  Capturing frame 1728/1728 (2 workers)
[INFO] [Render:trace] {"renderJobId":"706927e8-1b26-4981-8eb5-b2d024f2704f","phase":"capture_disk","status":"end","elapsedMs":48307,"durationMs":45220,"stagePhase":"capturing","needsAlpha":false,"workerCount":2,"forceScreenshot":false,"totalFrames":1728,"framesCompleted":1728,"captureMode":"screenshot","captureOperation":"encode"}
[INFO] [Render:trace] {"renderJobId":"706927e8-1b26-4981-8eb5-b2d024f2704f","phase":"encode","status":"start","elapsedMs":48307,"stagePhase":"capturing","hasAudio":true,"isPngSequence":false,"isGif":false,"chunkedEncode":false,"workerCount":2,"forceScreenshot":false,"totalFrames":1728,"framesCompleted":1728,"captureMode":"screenshot","captureOperation":"encode"}
  ██████████████████░░░░░░░  75%  Encoding video
[INFO] [Render:trace] {"renderJobId":"706927e8-1b26-4981-8eb5-b2d024f2704f","phase":"encode","status":"end","elapsedMs":58769,"durationMs":10462,"stagePhase":"capturing","hasAudio":true,"isPngSequence":false,"isGif":false,"chunkedEncode":false,"workerCount":2,"forceScreenshot":false,"totalFrames":1728,"framesCompleted":1728,"captureMode":"screenshot","captureOperation":"encode"}
[INFO] [Render:trace] {"renderJobId":"706927e8-1b26-4981-8eb5-b2d024f2704f","phase":"assemble","status":"start","elapsedMs":58769,"stagePhase":"capturing","hasAudio":true,"workerCount":2,"forceScreenshot":false,"totalFrames":1728,"framesCompleted":1728,"captureMode":"screenshot","captureOperation":"encode"}
  ██████████████████████░░░  90%  Assembling final video
[INFO] [Render:trace] {"renderJobId":"706927e8-1b26-4981-8eb5-b2d024f2704f","phase":"assemble","status":"end","elapsedMs":59262,"durationMs":493,"stagePhase":"capturing","hasAudio":true,"workerCount":2,"forceScreenshot":false,"totalFrames":1728,"framesCompleted":1728,"captureMode":"screenshot","captureOperation":"encode"}
[INFO] [Render:trace] {"renderJobId":"706927e8-1b26-4981-8eb5-b2d024f2704f","phase":"pipeline","status":"checkpoint","elapsedMs":59284,"message":"artifact validated","totalElapsedMs":59274}
  █████████████████████████  100%  Render complete

◇  /Users/ayanshvarma/Documents/Aedrova_site/design/motion/aedrova-motion-film/Aedrova-motion-film.mp4
   20.8 MB · 28.8s video · rendered in 59.3s
   screenshot capture · hardware gpu · compile 1.1s · extract 1.3s · audio 0.5s · probe 0.0s · setup 0.2s · capture 45.2s · encode 10.5s · assemble 0.5s
   Keep editing by chatting with Framey in the HyperFrames desktop app → https://hyperframes.dev/studio/download
  [hyperframes] Agent feedback: hyperframes feedback --rating <0-10> --comment "..."
