
◆  Rendering aedrova-motion-film → /Users/ayanshvarma/Documents/Aedrova_site/design/motion/aedrova-motion-film/Aedrova-reference-white.mp4
   30fps · high · 2 workers
   GPU: browser GPU (auto-detect)

[?25l│
◒  Checking browser[1G[J◐  Checking browser[1G[J◇  Browser: cache
[?25h[INFO] [Render] Pipeline started {"renderJobId":"185b145b-1803-4015-b813-3e7344af5e98","platform":"darwin","arch":"arm64","nodeVersion":"v24.19.0","fps":{"num":30,"den":1},"format":"mp4","quality":"high","browserGpuMode":"auto","forceScreenshot":false,"protocolTimeout":300000,"browserTimeout":120000,"pageNavigationTimeout":60000,"playerReadyTimeout":45000}
[INFO] [Render:trace] {"renderJobId":"185b145b-1803-4015-b813-3e7344af5e98","phase":"pipeline","status":"checkpoint","elapsedMs":1,"message":"started","format":"mp4","quality":"high","browserGpuMode":"auto","forceScreenshot":false,"protocolTimeoutMs":300000,"pageNavigationTimeoutMs":60000,"playerReadyTimeoutMs":45000,"requestedWorkers":2}
[INFO] [Render:trace] {"renderJobId":"185b145b-1803-4015-b813-3e7344af5e98","phase":"compile","status":"start","elapsedMs":2,"needsAlpha":false}
  █░░░░░░░░░░░░░░░░░░░░░░░░  5%  Compiling composition
[INFO] [Compiler] Fetched 11 font face(s) for "Inter" from Google Fonts (cached to /Users/ayanshvarma/.cache/hyperframes/fonts/inter)
[INFO] [Compiler] Fetched 11 font face(s) for "Inter" from Google Fonts (cached to /Users/ayanshvarma/.cache/hyperframes/fonts/inter)
[INFO] [Compiler] Fetched 11 font face(s) for "Inter" from Google Fonts (cached to /Users/ayanshvarma/.cache/hyperframes/fonts/inter)
[INFO] [Compiler] Fetched 10 font face(s) for "JetBrains Mono" from Google Fonts (cached to /Users/ayanshvarma/.cache/hyperframes/fonts/jetbrains-mono)
[INFO] [Compiler] Fetched 10 font face(s) for "JetBrains Mono" from Google Fonts (cached to /Users/ayanshvarma/.cache/hyperframes/fonts/jetbrains-mono)
[INFO] [Compiler] Injected deterministic @font-face rules for 5 requested font families
[INFO] [Render] Fast capture: composition uses a CSS 3D rendering context (perspective / preserve-3d / backface-visibility) — disabling drawElementImage for this render. Capture uses the platform's baseline route. {"renderJobId":"185b145b-1803-4015-b813-3e7344af5e98"}
[INFO] Compiled composition metadata {"renderJobId":"185b145b-1803-4015-b813-3e7344af5e98","entryFile":"index.html","staticDuration":28.333333,"width":1920,"height":1080,"videoCount":4,"audioCount":1,"renderModeHints":{"recommendScreenshot":false,"reasons":[]}}
[INFO] [Render:trace] {"renderJobId":"185b145b-1803-4015-b813-3e7344af5e98","phase":"compile","status":"end","elapsedMs":410,"durationMs":408,"needsAlpha":false}
[INFO] [Render:trace] {"renderJobId":"185b145b-1803-4015-b813-3e7344af5e98","phase":"compile","status":"checkpoint","elapsedMs":411,"message":"composition metadata resolved","width":1920,"height":1080,"videoCount":4,"audioCount":1,"imageCount":8,"deviceScaleFactor":1,"forceScreenshot":false,"compositionHash":"93e84ae0758c24ce"}
[INFO] [Render:trace] {"renderJobId":"185b145b-1803-4015-b813-3e7344af5e98","phase":"browser_probe","status":"start","elapsedMs":411,"forceScreenshot":false,"stagePhase":"calibrating"}
[INFO] [Render:trace] {"renderJobId":"185b145b-1803-4015-b813-3e7344af5e98","phase":"browser_probe","status":"end","elapsedMs":477,"durationMs":66,"forceScreenshot":false,"stagePhase":"calibrating"}
[INFO] [Render:trace] {"renderJobId":"185b145b-1803-4015-b813-3e7344af5e98","phase":"browser_probe","status":"checkpoint","elapsedMs":478,"message":"duration resolved","durationSeconds":28.333333,"totalFrames":850,"compositionHash":"93e84ae0758c24ce","beginFrameStalled":false}
[INFO] [Render:trace] {"renderJobId":"185b145b-1803-4015-b813-3e7344af5e98","phase":"video_extract","status":"start","elapsedMs":478,"videoCount":4}
[INFO] Probing video color spaces... {"renderJobId":"185b145b-1803-4015-b813-3e7344af5e98","videoCount":4}
  ██░░░░░░░░░░░░░░░░░░░░░░░  10%  Extracting video frames
[INFO] Extracting frames from video 1/4 {"renderJobId":"185b145b-1803-4015-b813-3e7344af5e98","sourceType":"local"}
[INFO] Extracting frames from video 2/4 {"renderJobId":"185b145b-1803-4015-b813-3e7344af5e98","sourceType":"local"}
[INFO] Extracting frames from video 3/4 {"renderJobId":"185b145b-1803-4015-b813-3e7344af5e98","sourceType":"local"}
[INFO] Extracting frames from video 4/4 {"renderJobId":"185b145b-1803-4015-b813-3e7344af5e98","sourceType":"local"}
[INFO] [Render:trace] {"renderJobId":"185b145b-1803-4015-b813-3e7344af5e98","phase":"video_extract","status":"end","elapsedMs":771,"durationMs":293,"videoCount":4}
[INFO] [Render:trace] {"renderJobId":"185b145b-1803-4015-b813-3e7344af5e98","phase":"video_extract","status":"checkpoint","elapsedMs":773,"message":"frames resolved","videoCount":4,"extractedVideoCount":4,"totalFramesExtracted":321,"maxFramesPerVideo":153,"avgFramesPerExtractedVideo":80,"vfrPreflightCount":0,"vfrPreflightMs":0,"cacheHits":3,"cacheMisses":1,"transientRetries":0,"minVideoFrameCoverageRatio":1,"authoredTimedClipCount":6}
[INFO] [Render] No HDR sources detected — rendering SDR {"renderJobId":"185b145b-1803-4015-b813-3e7344af5e98"}
[INFO] [Render:trace] {"renderJobId":"185b145b-1803-4015-b813-3e7344af5e98","phase":"hdr_detection","status":"checkpoint","elapsedMs":773,"message":"resolved","requestedHdrMode":"auto","effectiveHdr":"sdr","nativeHdrVideoCount":0,"nativeHdrImageCount":0}
[INFO] [Render:trace] {"renderJobId":"185b145b-1803-4015-b813-3e7344af5e98","phase":"audio_process","status":"start","elapsedMs":773,"audioCount":1}
  █████░░░░░░░░░░░░░░░░░░░░  20%  Processing audio tracks
[INFO] [Render:trace] {"renderJobId":"185b145b-1803-4015-b813-3e7344af5e98","phase":"audio_process","status":"end","elapsedMs":1145,"durationMs":372,"audioCount":1}
[INFO] [Render:trace] {"renderJobId":"185b145b-1803-4015-b813-3e7344af5e98","phase":"file_server","status":"start","elapsedMs":1145,"reused":false}
  ██████░░░░░░░░░░░░░░░░░░░  25%  Starting frame capture
[INFO] [Render:trace] {"renderJobId":"185b145b-1803-4015-b813-3e7344af5e98","phase":"file_server","status":"end","elapsedMs":1148,"durationMs":3}
  ██████░░░░░░░░░░░░░░░░░░░  25%  Checking browser GPU
[hyperframes] browserGpuMode probe → hardware (WebGL renderer vendor="Google Inc. (Apple)" renderer="ANGLE (Apple, ANGLE Metal Renderer: Apple M5, Unspecified Version)")
[INFO] [Render:trace] {"renderJobId":"185b145b-1803-4015-b813-3e7344af5e98","phase":"capture_calibration","status":"checkpoint","elapsedMs":1354,"message":"skipped","requestedWorkers":2,"totalFrames":850,"htmlInCanvasDetected":false,"lowMemoryMode":false,"deInversionEligible":false,"deParallelRouterEligible":false}
[INFO] [Render:trace] {"renderJobId":"185b145b-1803-4015-b813-3e7344af5e98","phase":"worker_resolution","status":"checkpoint","elapsedMs":1354,"message":"resolved","workerCount":2}
[INFO] streaming-encode gate {"renderJobId":"185b145b-1803-4015-b813-3e7344af5e98","enabled":false,"reason":"multi_worker","configFlag":true,"durationCapEnabled":false,"outputFormat":"mp4","workerCount":2,"durationSeconds":28.333333,"maxDurationSeconds":240}
[INFO] [Render:trace] {"renderJobId":"185b145b-1803-4015-b813-3e7344af5e98","phase":"capture_strategy","status":"checkpoint","elapsedMs":1355,"message":"resolved","workerCount":2,"forceScreenshot":false,"captureBeyondViewport":true,"useStreamingEncode":false,"useLayeredComposite":false,"usePageSideCompositing":false,"hasHdrContent":false,"hasShaderTransitions":false,"isPngSequence":false}
[INFO] [Render:trace] {"renderJobId":"185b145b-1803-4015-b813-3e7344af5e98","phase":"capture_disk","status":"start","elapsedMs":1355,"stagePhase":"capturing","needsAlpha":false,"workerCount":2,"forceScreenshot":false,"totalFrames":850,"framesCompleted":0,"captureMode":"screenshot","captureOperation":"captureScreenshot"}
  ██████░░░░░░░░░░░░░░░░░░░  25%  Starting browsers (0/2 ready)
[BrowserManager] Browser launched (HeadlessChrome/152.0.7977.30, screenshot, gl=--use-gl=angle --use-angle=metal, headlessShell=true, platform=darwin)
[initSession:screenshot] page.goto start (0ms)
[initSession:screenshot] page.goto start (0ms)
[initSession:screenshot] page.goto complete (253ms)
[initSession:screenshot] page.goto complete (244ms)
[HyperFrames] render runtime fps {"canonicalFps":30,"source":"render-options","rawFpsSource":"render-options","rawFps":30}
[HyperFrames] render runtime fps {"canonicalFps":30,"source":"render-options","rawFpsSource":"render-options","rawFps":30}
[initSession:screenshot] GSAP proxy flush complete (353ms)
[initSession:screenshot] GSAP proxy flush complete (348ms)
[initSession:screenshot] pollHfReady complete (377ms)
[initSession:screenshot] pollHfReady complete (369ms)
[initSession:screenshot] pollSubCompositionTimelines complete (ready) (389ms)
[initSession:screenshot] pollSubCompositionTimelines complete (ready) (380ms)
[initSession:screenshot] applyVideoMetadataHints complete (390ms)
[initSession:screenshot] applyVideoMetadataHints complete (381ms)
[initSession:screenshot] media + fonts + tailwind ready (448ms)
[initSession:screenshot] captureBeyondViewport downgraded: page content fits the capture viewport (454ms)
[initSession:screenshot] static-frame dedup: disabled (before-capture hook / video injection active) (454ms)
  ██████░░░░░░░░░░░░░░░░░░░  25%  Starting browsers (1/2 ready)
[initSession:screenshot] media + fonts + tailwind ready (468ms)
[initSession:screenshot] captureBeyondViewport downgraded: page content fits the capture viewport (470ms)
[initSession:screenshot] static-frame dedup: disabled (before-capture hook / video injection active) (470ms)
  ██████░░░░░░░░░░░░░░░░░░░  25%  Capturing frame 1/850 (2 workers)
  ██████░░░░░░░░░░░░░░░░░░░  26%  Capturing frame 12/850 (2 workers)
  ██████░░░░░░░░░░░░░░░░░░░  26%  Capturing frame 24/850 (2 workers)
  ██████░░░░░░░░░░░░░░░░░░░  27%  Capturing frame 35/850 (2 workers)
  ██████░░░░░░░░░░░░░░░░░░░  27%  Capturing frame 46/850 (2 workers)
  ███████░░░░░░░░░░░░░░░░░░  28%  Capturing frame 59/850 (2 workers)
  ███████░░░░░░░░░░░░░░░░░░  29%  Capturing frame 70/850 (2 workers)
  ███████░░░░░░░░░░░░░░░░░░  29%  Capturing frame 81/850 (2 workers)
  ███████░░░░░░░░░░░░░░░░░░  30%  Capturing frame 92/850 (2 workers)
  ███████░░░░░░░░░░░░░░░░░░  30%  Capturing frame 103/850 (2 workers)
  ███████░░░░░░░░░░░░░░░░░░  31%  Capturing frame 115/850 (2 workers)
  ████████░░░░░░░░░░░░░░░░░  32%  Capturing frame 125/850 (2 workers)
  ████████░░░░░░░░░░░░░░░░░  32%  Capturing frame 136/850 (2 workers)
  ████████░░░░░░░░░░░░░░░░░  33%  Capturing frame 147/850 (2 workers)
  ████████░░░░░░░░░░░░░░░░░  33%  Capturing frame 158/850 (2 workers)
  ████████░░░░░░░░░░░░░░░░░  34%  Capturing frame 169/850 (2 workers)
  ████████░░░░░░░░░░░░░░░░░  35%  Capturing frame 180/850 (2 workers)
  ████████░░░░░░░░░░░░░░░░░  35%  Capturing frame 190/850 (2 workers)
  █████████░░░░░░░░░░░░░░░░  36%  Capturing frame 200/850 (2 workers)
  █████████░░░░░░░░░░░░░░░░  36%  Capturing frame 211/850 (2 workers)
  █████████░░░░░░░░░░░░░░░░  37%  Capturing frame 223/850 (2 workers)
  █████████░░░░░░░░░░░░░░░░  37%  Capturing frame 234/850 (2 workers)
  █████████░░░░░░░░░░░░░░░░  38%  Capturing frame 245/850 (2 workers)
  █████████░░░░░░░░░░░░░░░░  39%  Capturing frame 256/850 (2 workers)
  █████████░░░░░░░░░░░░░░░░  39%  Capturing frame 267/850 (2 workers)
  ██████████░░░░░░░░░░░░░░░  40%  Capturing frame 277/850 (2 workers)
  ██████████░░░░░░░░░░░░░░░  40%  Capturing frame 287/850 (2 workers)
  ██████████░░░░░░░░░░░░░░░  41%  Capturing frame 298/850 (2 workers)
  ██████████░░░░░░░░░░░░░░░  41%  Capturing frame 308/850 (2 workers)
  ██████████░░░░░░░░░░░░░░░  42%  Capturing frame 319/850 (2 workers)
  ██████████░░░░░░░░░░░░░░░  43%  Capturing frame 331/850 (2 workers)
  ██████████░░░░░░░░░░░░░░░  43%  Capturing frame 342/850 (2 workers)
  ███████████░░░░░░░░░░░░░░  44%  Capturing frame 354/850 (2 workers)
  ███████████░░░░░░░░░░░░░░  44%  Capturing frame 365/850 (2 workers)
  ███████████░░░░░░░░░░░░░░  45%  Capturing frame 376/850 (2 workers)
  ███████████░░░░░░░░░░░░░░  45%  Capturing frame 387/850 (2 workers)
  ███████████░░░░░░░░░░░░░░  46%  Capturing frame 398/850 (2 workers)
  ███████████░░░░░░░░░░░░░░  47%  Capturing frame 409/850 (2 workers)
  ███████████░░░░░░░░░░░░░░  47%  Capturing frame 420/850 (2 workers)
  ████████████░░░░░░░░░░░░░  48%  Capturing frame 430/850 (2 workers)
  ████████████░░░░░░░░░░░░░  48%  Capturing frame 440/850 (2 workers)
  ████████████░░░░░░░░░░░░░  49%  Capturing frame 450/850 (2 workers)
  ████████████░░░░░░░░░░░░░  49%  Capturing frame 460/850 (2 workers)
  ████████████░░░░░░░░░░░░░  50%  Capturing frame 469/850 (2 workers)
  ████████████░░░░░░░░░░░░░  50%  Capturing frame 479/850 (2 workers)
  ████████████░░░░░░░░░░░░░  51%  Capturing frame 487/850 (2 workers)
  ████████████░░░░░░░░░░░░░  51%  Capturing frame 497/850 (2 workers)
  █████████████░░░░░░░░░░░░  52%  Capturing frame 507/850 (2 workers)
  █████████████░░░░░░░░░░░░  52%  Capturing frame 517/850 (2 workers)
  █████████████░░░░░░░░░░░░  53%  Capturing frame 526/850 (2 workers)
  █████████████░░░░░░░░░░░░  53%  Capturing frame 534/850 (2 workers)
  █████████████░░░░░░░░░░░░  54%  Capturing frame 543/850 (2 workers)
  █████████████░░░░░░░░░░░░  54%  Capturing frame 555/850 (2 workers)
  █████████████░░░░░░░░░░░░  55%  Capturing frame 566/850 (2 workers)
  █████████████░░░░░░░░░░░░  55%  Capturing frame 576/850 (2 workers)
  ██████████████░░░░░░░░░░░  56%  Capturing frame 587/850 (2 workers)
  ██████████████░░░░░░░░░░░  57%  Capturing frame 597/850 (2 workers)
  ██████████████░░░░░░░░░░░  57%  Capturing frame 608/850 (2 workers)
  ██████████████░░░░░░░░░░░  58%  Capturing frame 621/850 (2 workers)
  ██████████████░░░░░░░░░░░  59%  Capturing frame 633/850 (2 workers)
  ██████████████░░░░░░░░░░░  59%  Capturing frame 644/850 (2 workers)
  ███████████████░░░░░░░░░░  60%  Capturing frame 656/850 (2 workers)
  ███████████████░░░░░░░░░░  60%  Capturing frame 668/850 (2 workers)
  ███████████████░░░░░░░░░░  61%  Capturing frame 681/850 (2 workers)
  ███████████████░░░░░░░░░░  62%  Capturing frame 693/850 (2 workers)
  ███████████████░░░░░░░░░░  62%  Capturing frame 705/850 (2 workers)
  ███████████████░░░░░░░░░░  63%  Capturing frame 717/850 (2 workers)
  ████████████████░░░░░░░░░  64%  Capturing frame 728/850 (2 workers)
  ████████████████░░░░░░░░░  64%  Capturing frame 740/850 (2 workers)
  ████████████████░░░░░░░░░  65%  Capturing frame 752/850 (2 workers)
  ████████████████░░░░░░░░░  65%  Capturing frame 764/850 (2 workers)
  ████████████████░░░░░░░░░  66%  Capturing frame 776/850 (2 workers)
  ████████████████░░░░░░░░░  67%  Capturing frame 789/850 (2 workers)
  ████████████████░░░░░░░░░  67%  Capturing frame 796/850 (2 workers)
  █████████████████░░░░░░░░  68%  Capturing frame 803/850 (2 workers)
  █████████████████░░░░░░░░  68%  Capturing frame 810/850 (2 workers)
  █████████████████░░░░░░░░  68%  Capturing frame 817/850 (2 workers)
  █████████████████░░░░░░░░  69%  Capturing frame 823/850 (2 workers)
  █████████████████░░░░░░░░  69%  Capturing frame 830/850 (2 workers)
  █████████████████░░░░░░░░  69%  Capturing frame 837/850 (2 workers)
  █████████████████░░░░░░░░  70%  Capturing frame 843/850 (2 workers)
  █████████████████░░░░░░░░  70%  Capturing frame 849/850 (2 workers)
  █████████████████░░░░░░░░  70%  Capturing frame 850/850 (2 workers)
[INFO] [Render:trace] {"renderJobId":"185b145b-1803-4015-b813-3e7344af5e98","phase":"capture_disk","status":"end","elapsedMs":23484,"durationMs":22129,"stagePhase":"capturing","needsAlpha":false,"workerCount":2,"forceScreenshot":false,"totalFrames":850,"framesCompleted":850,"captureMode":"screenshot","captureOperation":"encode"}
[INFO] [Render:trace] {"renderJobId":"185b145b-1803-4015-b813-3e7344af5e98","phase":"encode","status":"start","elapsedMs":23484,"stagePhase":"capturing","hasAudio":true,"isPngSequence":false,"isGif":false,"chunkedEncode":false,"workerCount":2,"forceScreenshot":false,"totalFrames":850,"framesCompleted":850,"captureMode":"screenshot","captureOperation":"encode"}
  ██████████████████░░░░░░░  75%  Encoding video
[INFO] [Render:trace] {"renderJobId":"185b145b-1803-4015-b813-3e7344af5e98","phase":"encode","status":"end","elapsedMs":32338,"durationMs":8854,"stagePhase":"capturing","hasAudio":true,"isPngSequence":false,"isGif":false,"chunkedEncode":false,"workerCount":2,"forceScreenshot":false,"totalFrames":850,"framesCompleted":850,"captureMode":"screenshot","captureOperation":"encode"}
[INFO] [Render:trace] {"renderJobId":"185b145b-1803-4015-b813-3e7344af5e98","phase":"assemble","status":"start","elapsedMs":32339,"stagePhase":"capturing","hasAudio":true,"workerCount":2,"forceScreenshot":false,"totalFrames":850,"framesCompleted":850,"captureMode":"screenshot","captureOperation":"encode"}
  ██████████████████████░░░  90%  Assembling final video
[INFO] Audio lowered by 1.3 dB to stay under −1 dBTP {"audioLoweredDb":1.3}
[INFO] [Render:trace] {"renderJobId":"185b145b-1803-4015-b813-3e7344af5e98","phase":"assemble","status":"end","elapsedMs":33255,"durationMs":916,"stagePhase":"capturing","hasAudio":true,"workerCount":2,"forceScreenshot":false,"totalFrames":850,"framesCompleted":850,"captureMode":"screenshot","captureOperation":"encode"}
[INFO] [Render:trace] {"renderJobId":"185b145b-1803-4015-b813-3e7344af5e98","phase":"pipeline","status":"checkpoint","elapsedMs":33274,"message":"artifact validated","totalElapsedMs":33269}
  █████████████████████████  100%  Render complete

◇  /Users/ayanshvarma/Documents/Aedrova_site/design/motion/aedrova-motion-film/Aedrova-reference-white.mp4
   12.4 MB · 28.3s video · rendered in 33.3s
   screenshot capture · hardware gpu · compile 0.5s · extract 0.3s · audio 0.4s · probe 0.1s · setup 0.2s · capture 22.1s · encode 8.9s · assemble 0.9s
   Keep editing by chatting with Framey in the HyperFrames desktop app → https://hyperframes.dev/studio/download
